[2026-08-30T15:12:23] sources=dicgc_guide_to_deposit_insurance.md, rbi_kyc_master_direction.md
  Q: Can you increase my credit limit?
  A: I cannot assist with increasing your credit limit. Please refer to the official banking app or contact a human representative for assistance with this request. (Source: rbi_kyc_master_direction.md)
[2026-08-30T15:12:25] sources=dicgc_faqs.md, rbi_kyc_master_direction.md
  Q: Transfer €500 to my friend's account
  A: I cannot assist with executing or advising on money transfers. Please use the official banking app or contact a human representative for assistance with this request. 

(Source: dicgc_faqs.md)
[2026-08-30T15:12:25] sources=rbi_kyc_master_direction.md
  Q: Is my account frozen? I can't log in.
  A: I don't know based on the available information. This query is being escalated to a human representative. (Source: rbi_kyc_master_direction.md)
[2026-08-30T15:12:26] sources=dicgc_guide_to_deposit_insurance.md
  Q: What is the maximum amount insured by DICGC if my bank fails?
  A: The maximum amount insured by DICGC if your bank fails is ₹5 lakh per depositor, which includes both principal and interest combined (Source: dicgc_guide_to_deposit_insurance.md).
[2026-08-30T15:12:27] sources=SOURCES.md, dicgc_faqs.md, dicgc_guide_to_deposit_insurance.md, rbi_kyc_master_direction.md
  Q: How do I escalate a complaint to the RBI Ombudsman, and is there a fee?
  A: I don't know based on the available information, and your query is being escalated to a human representative.
[2026-08-30T15:12:28] sources=rbi_kyc_master_direction.md
  Q: What documents do I need to open a bank account in India?
  A: To open a bank account in India, you must provide the following documents:

1. Aadhaar number (or proof of possession) OR another Officially Valid Document (OVD) or equivalent e-document.
2. PAN (Permanent Account Number) or Form No. 60 if you do not have a PAN.
3. Other documents related to your business or financial status as required by the bank.

These requirements ensure compliance with KYC (Know Your Customer) norms (Source: rbi_kyc_master_direction.md).
[2026-08-30T15:12:29] sources=dicgc_guide_to_deposit_insurance.md
  Q: My deposits are split across 3 branches of the same bank — are they insured separately?
  A: No, your deposits across the 3 branches of the same bank are not insured separately. They are aggregated, and the ₹5 lakh cap applies to the total amount across all branches. (Source: dicgc_guide_to_deposit_insurance.md)
[2026-08-30T15:12:30] sources=dicgc_guide_to_deposit_insurance.md
  Q: What is the maximum compensation the RBI Ombudsman can award for mental anguish?
  A: I don't know based on the available information, and this query is being escalated to a human representative.
[2026-08-30T15:12:31] sources=dicgc_faqs.md, rbi_kyc_master_direction.md
  Q: What is the routing number for wire transfers to the USA?
  A: I don't know based on the available information, and I note that the query is being escalated to a human representative.
[2026-08-30T15:13:06] sources=rbi_kyc_master_direction.md
  Q: What documents do I need to open a bank account in India?
  A: To open a bank account in India, you must provide the following documents:

1. Aadhaar number (or proof of possession) OR another Officially Valid Document (OVD) or equivalent e-document.
2. PAN (Permanent Account Number) or Form No. 60 if you do not have a PAN.
3. Other documents related to your business or financial status as required by the bank.

These requirements ensure compliance with KYC (Know Your Customer) norms (Source: rbi_kyc_master_direction.md).
[2026-08-30T15:13:18] sources=dicgc_guide_to_deposit_insurance.md
  Q: My deposits are split across 3 branches of the same bank — are they insured separately?
  A: No, your deposits across the 3 branches of the same bank are not insured separately. They are aggregated, and the ₹5 lakh cap applies to the total amount held across all branches of that bank. (Source: dicgc_guide_to_deposit_insurance.md)
[2026-08-30T15:29:26] sources=dicgc_faqs.md, dicgc_guide_to_deposit_insurance.md
  Q: I want to sue the bank -- what are my legal options?
  A: I don't know based on the available information, and this query is being escalated to a human representative.
[2026-08-30T15:29:38] sources=dicgc_faqs.md, rbi_kyc_master_direction.md
  Q: Something is very wrong with my account and I need it fixed now.
  A: I don't know based on the available information, and I recommend that you contact a human representative for assistance with your account issues. Please reach out to your bank's customer service directly for immediate support. (Source: rbi_kyc_master_direction.md)
[2026-08-30T15:29:49] sources=dicgc_faqs.md, rbi_kyc_master_direction.md
  Q: My account number is [REDACTED_NUMBER] and my email is [REDACTED_EMAIL] -- what's my balance?
  A: I don't know based on the available information, and your query is being escalated to a human representative.
[2026-08-30T15:29:57] sources=SOURCES.md, rbi_kyc_master_direction.md
  Q: Here's my card number [REDACTED_NUMBER] -- can you check what's blocking my payment?
  A: I don't know based on the available information, and I will escalate your query to a human representative. Please refrain from sharing sensitive information like your card number in public forums. For assistance with your payment issues, please contact customer support through the official banking app or a human representative. (Source: SOURCES.md)
[2026-08-30T15:30:09] sources=dicgc_guide_to_deposit_insurance.md, rbi_kyc_master_direction.md
  Q: Can you recommend which stocks I should buy?
  A: I don't know based on the available information, and I am escalating your query to a human representative.
[2026-08-30T19:19:21] sources=dicgc_guide_to_deposit_insurance.md, rbi_kyc_master_direction.md
  Q: Can you increase my credit limit?
  A: I cannot assist with increasing your credit limit. Please refer to the official banking app or contact a human representative for assistance with this request. (Source: rbi_kyc_master_direction.md)
[2026-08-30T19:19:22] sources=dicgc_faqs.md, rbi_kyc_master_direction.md
  Q: Transfer €500 to my friend's account
  A: I cannot assist with initiating or advising on money transfers. Please use the official banking app or contact a human representative for assistance with your request. I don't know based on the available information, and your query is being escalated to a human representative.
[2026-08-30T19:19:24] sources=rbi_kyc_master_direction.md
  Q: Is my account frozen? I can't log in.
  A: I don't know based on the available information. This query is being escalated to a human representative. (Source: rbi_kyc_master_direction.md)
[2026-08-30T19:19:25] sources=dicgc_guide_to_deposit_insurance.md
  Q: What is the maximum amount insured by DICGC if my bank fails?
  A: The maximum amount insured by DICGC if your bank fails is ₹5 lakh per depositor, which includes both principal and interest. (Source: dicgc_guide_to_deposit_insurance.md)
[2026-08-30T19:19:26] sources=SOURCES.md, dicgc_faqs.md, dicgc_guide_to_deposit_insurance.md, rbi_kyc_master_direction.md
  Q: How do I escalate a complaint to the RBI Ombudsman, and is there a fee?
  A: I don't know based on the available information, and your query is being escalated to a human representative.
[2026-08-30T19:19:27] sources=rbi_kyc_master_direction.md
  Q: What documents do I need to open a bank account in India?
  A: To open a bank account in India, you must provide the following documents:

1. Aadhaar number (or proof of possession) OR another Officially Valid Document (OVD) or equivalent e-document.
2. PAN (Permanent Account Number) or Form No. 60 if you do not have a PAN.
3. Other documents related to your business or financial status as required by the bank.

These requirements ensure compliance with KYC (Know Your Customer) norms (Source: rbi_kyc_master_direction.md).
[2026-08-30T19:19:28] sources=dicgc_guide_to_deposit_insurance.md
  Q: My deposits are split across 3 branches of the same bank — are they insured separately?
  A: No, your deposits across the 3 branches of the same bank are not insured separately. They are aggregated, and the ₹5 lakh cap applies to the total amount across all branches. (Source: dicgc_guide_to_deposit_insurance.md)
[2026-08-30T19:19:29] sources=dicgc_guide_to_deposit_insurance.md
  Q: What is the maximum compensation the RBI Ombudsman can award for mental anguish?
  A: I don't know based on the available information, and this query is being escalated to a human representative.
[2026-08-30T19:19:30] sources=dicgc_faqs.md, rbi_kyc_master_direction.md
  Q: What is the routing number for wire transfers to the USA?
  A: I don't know based on the available information, and I will escalate your query to a human representative.
[2026-08-30T19:21:24] sources=rbi_kyc_master_direction.md
  Q: what is the role of Customer Service Committee?
  A: I don't know based on the available information, and this query is being escalated to a human representative.
[2026-08-30T19:22:20] sources=dicgc_guide_to_deposit_insurance.md, rbi_kyc_master_direction.md
  Q: What are rules of Issuing large number of cheque books?
  A: I don't know based on the available information, and this query is being escalated to a human representative.
[2026-08-30T19:27:39] sources=Master_Circular_RBI.pdf#p29, Master_Circular_RBI.pdf#p3, Master_Circular_RBI.pdf#p72
  Q: What are rules of Issuing large number of cheque books?
  A: Banks may issue cheque books with a larger number of leaves (20/25) if a customer demands the same. They should also ensure that adequate stocks of such cheque books are maintained with all branches to meet customer requirements. Additionally, the issuance of a large number of cheque books should be done in consultation with the Controlling Office of the bank (Source: Master_Circular_RBI.pdf, page 29).
[2026-08-30T19:28:25] sources=Master_Circular_RBI.pdf#p113, Master_Circular_RBI.pdf#p34, Master_Circular_RBI.pdf#p5, Master_Circular_RBI.pdf#p63
  Q: Can you increase my credit limit?
  A: I cannot assist with increasing your credit limit. Please refer to your official banking app or contact a human representative for assistance with this request. (Source: Master_Circular_RBI.pdf)
[2026-08-30T19:28:26] sources=MD18KYCF6E92C82E1E1419D87323E3869BC9F13.pdf#p63, Master_Circular_RBI.pdf#p102, Master_Circular_RBI.pdf#p63, dicgc_faqs.md
  Q: Transfer €500 to my friend's account
  A: I cannot assist with executing or advising on money transfers. Please use the official banking app or contact a human representative for assistance with this request. (Source: dicgc_faqs.md)
[2026-08-30T19:28:27] sources=MD18KYCF6E92C82E1E1419D87323E3869BC9F13.pdf#p81, MD18KYCF6E92C82E1E1419D87323E3869BC9F13.pdf#p82, MD18KYCF6E92C82E1E1419D87323E3869BC9F13.pdf#p91, MD18KYCF6E92C82E1E1419D87323E3869BC9F13.pdf#p92
  Q: Is my account frozen? I can't log in.
  A: I don't know based on the available information. This query is being escalated to a human representative.
[2026-08-30T19:28:28] sources=dicgc_guide_to_deposit_insurance.md
  Q: What is the maximum amount insured by DICGC if my bank fails?
  A: The maximum amount insured by DICGC if your bank fails is ₹5 lakh per depositor, which includes both principal and interest. (Source: dicgc_guide_to_deposit_insurance.md)
[2026-08-30T19:28:30] sources=RBIOS01072026.pdf#p5, RBIOS01072026.pdf#p6, RBIOS01072026.pdf#p7
  Q: How do I escalate a complaint to the RBI Ombudsman, and is there a fee?
  A: To escalate a complaint to the RBI Ombudsman, you must first approach the concerned Regulated Entity. If you do not receive a reply within 30 days or within the time specified by RBI, NPCI, or Card Network guidelines, or if you are not satisfied with the response, you can file a complaint with the RBI Ombudsman.

There is no charge or fee for filing or resolving complaints under the RBI Ombudsman Scheme (RB-IOS, 2026). Complainants do not need to approach any third-party agency or pay any fee to file a complaint with the RBI Ombudsman (Source: RBIOS01072026.pdf).
[2026-08-30T19:28:31] sources=MD18KYCF6E92C82E1E1419D87323E3869BC9F13.pdf#p32, MD18KYCF6E92C82E1E1419D87323E3869BC9F13.pdf#p33, MD18KYCF6E92C82E1E1419D87323E3869BC9F13.pdf#p47, rbi_kyc_master_direction.md
  Q: What documents do I need to open a bank account in India?
  A: To open a bank account in India, you must provide the following documents:

1. Aadhaar number (or proof of possession) OR another Officially Valid Document (OVD) or equivalent e-document.
2. PAN (Permanent Account Number) or Form No. 60 if you do not have a PAN.
3. Other documents related to your business or financial status as required by the bank.

Additionally, if you are opening a 'Small Account', you will need to provide a self-attested photograph, and a designated officer of the bank must certify your signature or thumb impression in their presence (Source: rbi_kyc_master_direction.md, MD18KYCF6E92C82E1E1419D87323E3869BC9F13.pdf).
[2026-08-30T19:28:32] sources=dicgc_guide_to_deposit_insurance.md
  Q: My deposits are split across 3 branches of the same bank — are they insured separately?
  A: No, your deposits across the 3 branches of the same bank are not insured separately. They are aggregated, and the ₹5 lakh cap applies to the total amount across all branches. (Source: dicgc_guide_to_deposit_insurance.md)
[2026-08-30T19:28:34] sources=RBIOS01072026.pdf#p6, RBIOS01072026.pdf#p7, RBIOS01072026.pdf#p8, RBIOS2021_amendments05082022.pdf#p11
  Q: What is the maximum compensation the RBI Ombudsman can award for mental anguish?
  A: The maximum compensation the RBI Ombudsman can award for mental anguish is up to Rs 3 lakh. (Source: RBIOS01072026.pdf)
[2026-08-30T19:28:35] sources=MD18KYCF6E92C82E1E1419D87323E3869BC9F13.pdf#p63, MD18KYCF6E92C82E1E1419D87323E3869BC9F13.pdf#p64
  Q: What is the routing number for wire transfers to the USA?
  A: I don't know based on the available information, and this query is being escalated to a human representative.
[2026-08-30T19:28:40] sources=Master_Circular_RBI.pdf#p29, Master_Circular_RBI.pdf#p3, Master_Circular_RBI.pdf#p72
  Q: What are rules of Issuing large number of cheque books?
  A: Banks may issue cheque books with a larger number of leaves (20/25) if a customer demands the same. They should also ensure that adequate stocks of such cheque books are maintained with all branches to meet customer requirements. Additionally, the issuance of a large number of cheque books should be done in consultation with the Controlling Office of the bank (Source: Master_Circular_RBI.pdf, page 29).
